// Jest Snapshot v1, https://goo.gl/fbAQLP

exports[`renders correctly 1`] = `
<View
  style={
    Object {
      "flex": 1,
      "justifyContent": "center",
      "padding": 20,
    }
  }
>
  <View
    style={
      Object {
        "backgroundColor": "#1084ff",
        "borderRadius": 20,
        "marginTop": 5,
        "padding": 15,
      }
    }
  >
    <Text
      style={
        Object {
          "color": "white",
          "fontSize": 32,
          "paddingTop": 5,
        }
      }
    >
      my-text
    </Text>
    <Text
      style={
        Object {
          "alignContent": "flex-end",
          "color": "white",
          "paddingTop": 5,
        }
      }
    >
      my-author
       from 
      my-country
    </Text>
  </View>
</View>
`;
