// Jest Snapshot v1, https://goo.gl/fbAQLP

exports[`renders correctly 1`] = `
<View
  accessibilityIgnoresInvertColors={true}
  style={
    Object {
      "alignItems": "center",
      "backgroundColor": "#2089dc",
      "borderBottomColor": "#f2f2f2",
      "borderBottomWidth": 0.5,
      "flexDirection": "row",
      "height": 64,
      "justifyContent": "space-between",
      "paddingHorizontal": 10,
      "paddingTop": 20,
    }
  }
>
  <Image
    style={
      Array [
        Object {
          "bottom": 0,
          "left": 0,
          "position": "absolute",
          "right": 0,
          "top": 0,
        },
        Object {
          "height": 64,
          "width": undefined,
        },
        undefined,
      ]
    }
    testID="headerContainer"
  />
  <View
    style={
      Object {
        "alignItems": "flex-start",
        "flex": 1,
      }
    }
  >
    <View>
      <View
        accessible={true}
        isTVSelectable={true}
        onResponderGrant={[Function]}
        onResponderMove={[Function]}
        onResponderRelease={[Function]}
        onResponderTerminate={[Function]}
        onResponderTerminationRequest={[Function]}
        onStartShouldSetResponder={[Function]}
        style={
          Object {
            "alignItems": "center",
            "backgroundColor": "transparent",
            "justifyContent": "center",
          }
        }
      >
        <Text />
      </View>
    </View>
  </View>
  <View
    style={
      Object {
        "alignItems": "center",
        "flex": 3,
      }
    }
  >
    <Text
      accessibilityTraits="header"
      numberOfLines={1}
      style={
        Object {
          "color": "white",
          "fontSize": 17,
          "fontWeight": "600",
          "marginHorizontal": 16,
        }
      }
    >
      Settings
    </Text>
  </View>
  <View
    style={
      Object {
        "alignItems": "flex-end",
        "flex": 1,
      }
    }
  />
</View>
`;
